../Core/Src/main.c:90:6:uart_Init	16	static
../Core/Src/main.c:107:5:DS18B20_Start	16	static
../Core/Src/main.c:118:6:BME280_Start	8	static
../Core/Src/main.c:125:6:DS18B20_Write	32	static
../Core/Src/main.c:142:9:DS18B20_Read	32	static
../Core/Src/main.c:166:6:BME280_Read	8	static
../Core/Src/main.c:177:6:HAL_UART_RxCpltCallback	16	static
../Core/Src/main.c:188:5:main	152	static
../Core/Src/main.c:319:6:SystemClock_Config	72	static
../Core/Src/main.c:356:13:MX_I2C1_Init	8	static
../Core/Src/main.c:390:13:MX_SPI1_Init	8	static
../Core/Src/main.c:428:13:MX_USART1_UART_Init	8	static
../Core/Src/main.c:461:13:MX_USART2_UART_Init	8	static
../Core/Src/main.c:492:13:MX_DMA_Init	16	static
../Core/Src/main.c:513:13:MX_GPIO_Init	32	static
../Core/Src/main.c:555:6:Error_Handler	4	static,ignoring_inline_asm
